node.exe : FAIL dom tests/unit/lib/currency-ves.test.ts
At line:1 char:1
+ & "C:\Program Files\nodejs/node.exe" "C:\Program Files\nodejs/node_mo ...
+ ~~~~~~~~~~~~~~~~~~~~~~~~~~~~~~~~~~~~~~~~~~~~~~~~~~~~~~~~~~~~~~~~~~~~~
    + CategoryInfo          : NotSpecified: (FAIL dom tests/...ncy-ves.test.ts:String) [], RemoteException
    + FullyQualifiedErrorId : NativeCommandError
 
  currency-ves utilities
    formatCurrencyWithBCV
      ÔêÜ correctly formats USD when minor units are provided (14 ms)
      ÔêÜ displays incorrect value if MAJOR units are passed instead of MINOR units (1 ms)
      ÔêÜ correctly formats VES when minor units are provided (1 ms)
      ├ù displays incorrect value if MAJOR units are passed for VES (2 ms)

  ÔùÅ currency-ves utilities ÔÇ║ formatCurrencyWithBCV ÔÇ║ displays incorrect value if MAJOR units are passed for VES

    expect(received).toBe(expected) // Object.is equality

    Expected: "Bs. 12,50"
    Received: "Bs.12,50"

    [0m [90m 38 |[39m       
     [90m 39 |[39m       [90m// It results in Bs. 12,50 instead of Bs. 1.250,00[39m
    [31m[1m>[22m[39m[90m 40 |[39m       expect(formatted)[33m.[39mtoBe([32m'Bs. 12,50'[39m)[33m;[39m
     [90m    |[39m                         [31m[1m^[22m[39m
     [90m 41 |[39m       expect(formatted)[33m.[39mnot[33m.[39mtoBe([32m'Bs. 1.250,00'[39m)[33m;[39m
     [90m 42 |[39m     })[33m;[39m
     [90m 43 |[39m   })[33m;[39m[0m

      at Object.<anonymous> (tests/unit/lib/currency-ves.test.ts:40:25)

Test Suites: 1 failed, 1 total
Tests:       1 failed, 3 passed, 4 total
Snapshots:   0 total
Time:        1.669 s
Ran all test suites matching /tests\\unit\\lib\\currency-ves.test.ts/i.
